A block quote test
==================

Earlier someone said:

    The world isn't flat after all, it's actually round, so there.
