This is a paragraph

This is a second paragraph

This is a third paragraph, we'll deliberately make this over seventy
characters long so that it should wrap
