  1. When the clock strikes one
      1. Weird things happen
      2. Really weird things
  2. And then we go on
      1. first item
      2. second item
