This has some odd spacing
=========================

It's really great and hopefully shouldn't be too bad over all
