
 * This is an item
 * And a second
 * And a third
